gavrasm Gerd's AVR assembler version 5.4 (C)2022 by DG4FAC
----------------------------------------------------------

Path:        C:\Users\gongr\OneDrive\Documentos\GitHub\Projeto_Embarcados\
Source file: Bluetooth_comms.asm
Hex file:    Bluetooth_comms.hex
Eeprom file: Bluetooth_comms.eep
Compiled:    17.06.2026, 16:35:47
Pass:        2

     1: .include "m328Pdef.inc"
 -> Warning 009: Include defs not necessary, using internal values!
   File: C:\Users\gongr\OneDrive\Documentos\GitHub\Projeto_Embarcados\Bluetooth_comms.asm, Line: 1
   Source line: .include "m328Pdef.inc"
     2: .org 0x0000
     3: 
     4: ;//////////////// DEFINIÇÃO DE CONSTANTES /////////////////////
     5: 
     6: ;baud-rate
     7: 
     8: .equ UBRR_VAL = 103 ; define constante representando o baud rate da comunicação UART em 9600bps
     9:                     ; UBRR_VAL = (f_clk/(16*baud_rate)) - 1
    10: ;comandos
    11: 
    12: .equ CMD_FORWARD    = 0x46     ; F
    13: .equ CMD_BACK       = 0x42     ; B
    14: .equ CMD_LEFT       = 0x4C     ; L
    15: .equ CMD_RIGHT      = 0x52     ; F
    16: .equ CMD_STOP       = 0x53     ; S
    17: .equ CMD_SPEED_UP   = 0x2B     ; +
    18: .equ CMD_SPEED_DOWN = 0x2D     ; -
    19: 
    20: 
    21: ;////////////// CONFIGURAÇÕES /////////////////////////////////
    22: 
    23: 
    24: ;Inicialização SP
    25: 000000   EF0F  ldi     R16,LOW(RAMEND)
    26: 000001   BF0D  out     SPL,R16
    27: 000002   E008  ldi     R16,HIGH(RAMEND)
    28: 000003   BF0E  out     SPH,R16
    29: 
    30: ;Configura porta B como saída para exibir o caracter recebido
    31: 000004   EF0F  ser     r16
    32: 000005   B904  out     DDRB,r16; configura todos os pinos da porta B como saída
    33: 000006   2700  clr     r16
    34: 000007   B905  out     PORTB,r16
    35: 
    36: ;Inicialização comunicação USART
    37: 
    38: ;Configuração baud rate (taxa de comunicação -> 9,6 kbps)
    39: 000008   E000  ldi     r16,HIGH(UBRR_VAL)
    40: 000009   9300  sts     UBRR0H,r16
        00000A   00C5
    41: 00000B   E607  ldi     r16,LOW(UBRR_VAL)
    42: 00000C   9300  sts     UBRR0L,r16
        00000D   00C4
    43: 
    44: ;Habilitação do RX do UART0
    45: 00000E   E100  ldi     r16,(1<<RXEN0);Criação de máscara que seta '1' na posição do bit RXEN0
    46: 00000F   9300  sts     UCSR0B,r16
        000010   00C1
    47: 
    48: ;Configuração do formato do frame de comunicação
    49: 000011   E006  ldi     r16,(1<<UCSZ01) | (1<<UCSZ00)
    50: 000012   9300  sts     UCSR0C,r16;Seta os bits 2:1, definindo tamanho de caracter para 8 bits
        000013   00C2
    51:                   ;Configura modo assíncrono (bit7:bit6 = 00)
    52:                   ;Modo de paridade desabilitado (bit5:bit4 = 00)
    53: 
    54: ///////////////////// MAIN ///////////////////////////////
    55: 
    56: ;Loop que aguarda chegar alguma instrução do controle bluetooth
    57: 
    58: main:
    59: 000014   9100  lds     r16,UCSR0A
        000015   00C0
    60: 000016   FF07  sbrs    r16, RXC0     ;Pula para a leitura do dado caso haja dados no buffer a serem lidos (RXC0 set) -> Pode gerar interrupção
    61: 000017   CFFC  rjmp    main         ;Reinicia
    62: 
    63: ;Trocar por vetor de interrupção USART_RXC
    64: ;Leitura do dado
    65: 000018   9110  lds     r17,UDR0      ;Registrador que armazena o dado recebido por RX0
        000019   00C6
    66: 00001A   B915  out     PORTB,r17     ;Joga o dado lido nos leds da porta B
    67: 00001B   D001  rcall   process_command
    68: 00001C   CFF7  rjmp main
    69: 
    70: 
    71: 
    72: ////////////// SR DE PROCESSAMENTO DO SINAL ////////////////////////////
    73: 
    74: process_command:
    75: 
    76: 00001D   E5EA  ldi     ZL,low(command_table << 1)
    77: 00001E   E0F0  ldi     ZH,high(command_table <<1) ;Carrega o endereço na tabela de comandos no ponteiro Z
    78: ;multiplicamos o endereço por 2 (<< 1) porque a Flash é organizada em Words (16 bits)
    79: 
    80: search_loop:
    81: 
    82: 00001F   9125  lpm   r18,Z+   ;Lê o caracter da tabela e incrementa o ponteiro Z
    83: 000020   3020  cpi   r18,0X00 ;Determina se chegou no fim da tabela (null terminator)
    84: 000021   F021  breq  invalid_command
    85: 
    86: 000022   1721  cp    r18,r17  ;Compara o caracter da tabela com o recebido
    87: 000023   F019  breq  found_command
    88: 
    89: 000024   9632  adiw  ZL, 2
    90: 000025   CFF9  rjmp  search_loop ;Se ainda não deu match, segue percorrendo a tabela após incrementar o ponteiro em 2 bytes
    91: 
    92: invalid_command:
    93: 000026   9508  ret ;Volta pro loop principal
    94: 
    95: found_command:
    96: 000027   9135  lpm   r19,Z+      ;Salva byte baixo do endereço do comando em r19
    97: 000028   9144  lpm   r20,Z       ;Salva byte alto do endereço do comando em r19
    98: 000029   2FE2  mov ZL, R18
    99: 00002A   2FF3  mov ZH, R19
   100: 00002B   9409  ijmp              ;Salta para o endereço em Z
   101: 
   102: 00002C   9508  ret
   103: 
   104: 
   105: ;////////////// LOOKUP TABLE DOS COMANDOS ///////////////////////////
   106: 
   107: command_table:
   108: 
   109: .db CMD_FORWARD, high(run_forward),low(run_forward)
 -> Warning 004: Number of bytes on line is odd, added 00 to fit program memory!
   File: C:\Users\gongr\OneDrive\Documentos\GitHub\Projeto_Embarcados\Bluetooth_comms.asm, Line: 109
   Source line: .db CMD_FORWARD, high(run_forward),low(run_forward)
        00002D 0046 003C
   110: .db CMD_BACK, high(run_back),low(run_back)
 -> Warning 004: Number of bytes on line is odd, added 00 to fit program memory!
   File: C:\Users\gongr\OneDrive\Documentos\GitHub\Projeto_Embarcados\Bluetooth_comms.asm, Line: 110
   Source line: .db CMD_BACK, high(run_back),low(run_back)
        00002F 0042 003E
   111: .db CMD_LEFT, high(turn_left),low(turn_left)
 -> Warning 004: Number of bytes on line is odd, added 00 to fit program memory!
   File: C:\Users\gongr\OneDrive\Documentos\GitHub\Projeto_Embarcados\Bluetooth_comms.asm, Line: 111
   Source line: .db CMD_LEFT, high(turn_left),low(turn_left)
        000031 004C 0040
   112: .db CMD_RIGHT, high(turn_right),low(turn_right)
 -> Warning 004: Number of bytes on line is odd, added 00 to fit program memory!
   File: C:\Users\gongr\OneDrive\Documentos\GitHub\Projeto_Embarcados\Bluetooth_comms.asm, Line: 112
   Source line: .db CMD_RIGHT, high(turn_right),low(turn_right)
        000033 0052 0042
   113: .db CMD_STOP, high(motor_stop),low(motor_stop)
 -> Warning 004: Number of bytes on line is odd, added 00 to fit program memory!
   File: C:\Users\gongr\OneDrive\Documentos\GitHub\Projeto_Embarcados\Bluetooth_comms.asm, Line: 113
   Source line: .db CMD_STOP, high(motor_stop),low(motor_stop)
        000035 0053 0044
   114: .db CMD_SPEED_UP, high(speed_up),low(speed_up)
 -> Warning 004: Number of bytes on line is odd, added 00 to fit program memory!
   File: C:\Users\gongr\OneDrive\Documentos\GitHub\Projeto_Embarcados\Bluetooth_comms.asm, Line: 114
   Source line: .db CMD_SPEED_UP, high(speed_up),low(speed_up)
        000037 002B 0046
   115: .db CMD_SPEED_DOWN, high(speed_down),low(speed_down)
 -> Warning 004: Number of bytes on line is odd, added 00 to fit program memory!
   File: C:\Users\gongr\OneDrive\Documentos\GitHub\Projeto_Embarcados\Bluetooth_comms.asm, Line: 115
   Source line: .db CMD_SPEED_DOWN, high(speed_down),low(speed_down)
        000039 002D 0048
   116: .db 0x00,0x00     ;Fim da tabela
        00003B 0000
   117: 
   118: 
   119: 
   120: ;/////////// SUBROTINAS DE EXECUÇÃO DOS COMANDOS ///////////////////
   121: 
   122: run_forward:
   123: 00003C   0000  nop
   124: 00003D   9508  ret
   125: 
   126: run_back:
   127: 00003E   0000  nop
   128: 00003F   9508  ret
   129: 
   130: turn_left:
   131: 000040   0000  nop
   132: 000041   9508  ret
   133: 
   134: turn_right:
   135: 000042   0000  nop
   136: 000043   9508  ret
   137: 
   138: motor_stop:
   139: 000044   0000  nop
   140: 000045   9508  ret
   141: 
   142: speed_up:
   143: 000046   0000  nop
   144: 000047   9508  ret
   145: 
   146: speed_down:
   147: 000048   0000  nop
   148: 000049   9508  ret
   149: 
   150: ;Após todas as subrotinas, volta para onde o rcall foi chamado e reinicia o loop de aquisição
   151: 
   152: 
   153: 
   154: 
   155: 
   156: 
   157: 
   158: 
   159: 

List of symbols:
Type nDef nUsed             Decimalval           Hexval Name
  T     1     1                    171               AB ATMEGA328P
  L     1     4                     20               14 MAIN
  L     1     2                     29               1D PROCESS_COMMAND
  L     1     2                     31               1F SEARCH_LOOP
  L     1     2                     38               26 INVALID_COMMAND
  L     1     2                     39               27 FOUND_COMMAND
  L     1     2                     45               2D COMMAND_TABLE
  L     1     2                     60               3C RUN_FORWARD
  L     1     2                     62               3E RUN_BACK
  L     1     2                     64               40 TURN_LEFT
  L     1     2                     66               42 TURN_RIGHT
  L     1     2                     68               44 MOTOR_STOP
  L     1     2                     70               46 SPEED_UP
  L     1     2                     72               48 SPEED_DOWN
  C     1     0                     26               1A NOW_Y
  C     1     0                      6               06 NOW_M
  C     1     0                     17               11 NOW_D
  C     1     0                  46190             B46E NOW_I
  C     1     2                    103               67 UBRR_VAL
  C     1     1                     70               46 CMD_FORWARD
  C     1     1                     66               42 CMD_BACK
  C     1     1                     76               4C CMD_LEFT
  C     1     1                     82               52 CMD_RIGHT
  C     1     1                     83               53 CMD_STOP
  C     1     1                     43               2B CMD_SPEED_UP
  C     1     1                     45               2D CMD_SPEED_DOWN
   No macros.

Program             :       59 words.
Constants           :       15 words.
Total program memory:       74 words.
Eeprom space        :        0 bytes.
Data segment        :        0 bytes.
Compilation completed, no errors.
Compilation ended 17.06.2026, 16:35:47
