gavrasm Gerd's AVR assembler version 5.4 (C)2022 by DG4FAC
----------------------------------------------------------

Path:        C:\Users\gongr\OneDrive\Documentos\GitHub\Projeto_Embarcados\
Source file: Bluetooth_comms.asm
Hex file:    Bluetooth_comms.hex
Eeprom file: Bluetooth_comms.eep
Compiled:    21.06.2026, 20:50:39
Pass:        2

     1: .include "m328Pdef.inc"
 -> Warning 009: Include defs not necessary, using internal values!
   File: C:\Users\gongr\OneDrive\Documentos\GitHub\Projeto_Embarcados\Bluetooth_comms.asm, Line: 1
   Source line: .include "m328Pdef.inc"
     2: .org 0x0000
     3: 
     4: ;//////////////// DEFINIÇÃO DE CONSTANTES /////////////////////
     5: 
     6: ;baud-rate
     7: 
     8: .equ UBRR_VAL = 103 ; define constante representando o baud rate da comunicação UART em 9600bps
     9:                     ; UBRR_VAL = (f_clk/(16*baud_rate)) - 1
    10: ;comandos
    11: 
    12: .equ CMD_FORWARD    = 0x46     ; F
    13: .equ CMD_BACK       = 0x42     ; B
    14: .equ CMD_LEFT       = 0x4C     ; L
    15: .equ CMD_RIGHT      = 0x52     ; R
    16: .equ CMD_STOP       = 0x53     ; S
    17: .equ CMD_SPEED_UP   = 0x2B     ; +
    18: .equ CMD_SPEED_DOWN = 0x2D     ; -
    19: 
    20: 
    21: ;////////////// CONFIGURAÇÕES /////////////////////////////////
    22: 
    23: 
    24: ;Inicialização SP
    25: 000000   EF0F  ldi     R16,LOW(RAMEND)
    26: 000001   BF0D  out     SPL,R16
    27: 000002   E008  ldi     R16,HIGH(RAMEND)
    28: 000003   BF0E  out     SPH,R16
    29: 
    30: ;Configura porta B como saída para exibir o caracter recebido
    31: 000004   EF0F  ser     r16
    32: 000005   B904  out     DDRB,r16; configura todos os pinos da porta B como saída
    33: 000006   2700  clr     r16
    34: 000007   B905  out     PORTB,r16
    35: 
    36: ;Inicialização comunicação USART
    37: 
    38: ;Configuração baud rate (taxa de comunicação -> 9,6 kbps)
    39: 000008   E000  ldi     r16,HIGH(UBRR_VAL)
    40: 000009   9300  sts     UBRR0H,r16
        00000A   00C5
    41: 00000B   E607  ldi     r16,LOW(UBRR_VAL)
    42: 00000C   9300  sts     UBRR0L,r16
        00000D   00C4
    43: 
    44: ;Habilitação do RX do UART0
    45: 00000E   E100  ldi     r16,(1<<RXEN0);Criação de máscara que seta '1' na posição do bit RXEN0
    46: 00000F   9300  sts     UCSR0B,r16
        000010   00C1
    47: 
    48: ;Configuração do formato do frame de comunicação
    49: 000011   E006  ldi     r16,(1<<UCSZ01) | (1<<UCSZ00)
    50: 000012   9300  sts     UCSR0C,r16;Seta os bits 2:1, definindo tamanho de caracter para 8 bits
        000013   00C2
    51:                   ;Configura modo assíncrono (bit7:bit6 = 00)
    52:                   ;Modo de paridade desabilitado (bit5:bit4 = 00)
    53: 
    54: ;///////////////////// MAIN ///////////////////////////////
    55: 
    56: ;Loop que aguarda chegar alguma instrução do controle bluetooth
    57: 
    58: main:
    59: 000014   9100  lds     r16,UCSR0A
        000015   00C0
    60: 000016   FF07  sbrs    r16, RXC0     ;Pula para a leitura do dado caso haja dados no buffer a serem lidos (RXC0 set) -> Pode gerar interrupção
    61: 000017   CFFC  rjmp    main         ;Reinicia
    62: 
    63: ;Trocar por vetor de interrupção USART_RXC
    64: ;Leitura do dado
    65: 000018   9110  lds     r17,UDR0      ;Registrador que armazena o dado recebido por RX0
        000019   00C6
    66: 00001A   B915  out     PORTB,r17     ;Joga o dado lido nos leds da porta B
    67: 00001B   D001  rcall   process_command
    68: 00001C   CFF7  rjmp main
    69: 
    70: 
    71: 
    72: ;////////////// SR DE PROCESSAMENTO DO SINAL ////////////////////////////
    73: 
    74: process_command:
    75: 
    76: 00001D   E5EC  ldi     ZL,low(command_table << 1)
    77: 00001E   E0F0  ldi     ZH,high(command_table <<1) ;Carrega o endereço da tabela de comandos no ponteiro Z
    78:                                    ;multiplicamos o endereço por 2 (<< 1) porque a Flash é organizada em Words (16 bits)
    79: 
    80: search_loop:
    81: 
    82: 00001F   9125  lpm   r18,Z+   ;Lê o caracter da tabela e incrementa o ponteiro Z
    83: 
    84: 000020   3020  cpi   r18,0X00 ;Determina se chegou no fim da tabela (null terminator)
    85: 000021   F021  breq  invalid_command
    86: 
    87: 000022   1721  cp    r18,r17  ;Compara o caracter da tabela com o recebido
    88: 000023   F019  breq  found_command
    89: 
    90: 000024   9633  adiw  ZL, 3        ;Se ainda não deu match, segue percorrendo a tabela após incrementar o ponteiro em 3 bytes
    91: 000025   CFF9  rjmp  search_loop
    92: 
    93: invalid_command:
    94: 000026   9508  ret
    95: 
    96: found_command:
    97: 000027   9631  adiw  ZL,1        ;Pula o byte de padding (0xFF)
    98: 000028   9145  lpm   r20,Z+      ;Salva byte alto do endereço da SR em r20
    99: 000029   9134  lpm   r19,Z       ;Salva byte baixo do endereço da SR em r19
   100: 
   101: 00002A   2FF4  mov ZH, R20
   102: 00002B   2FE3  mov ZL, R19
   103: 
   104: 00002C   9409  ijmp              ;Salta para o endereço em Z (subrotina da ação dos motores)
   105: 
   106: 00002D   9508  ret
   107: 
   108: 
   109: ;////////////// LOOKUP TABLE DOS COMANDOS ///////////////////////////
   110: 
   111: command_table:
   112: 
   113: .db CMD_FORWARD,    0xFF, high(run_forward), low(run_forward)
        00002E FF46 3D00
   114: .db CMD_BACK,       0xFF, high(run_back),    low(run_back)
        000030 FF42 3F00
   115: .db CMD_LEFT,       0xFF, high(turn_left),   low(turn_left)
        000032 FF4C 4100
   116: .db CMD_RIGHT,      0xFF, high(turn_right),  low(turn_right)
        000034 FF52 4300
   117: .db CMD_STOP,       0xFF, high(motor_stop),  low(motor_stop)
        000036 FF53 4500
   118: .db CMD_SPEED_UP,   0xFF, high(speed_up),    low(speed_up)
        000038 FF2B 4700
   119: .db CMD_SPEED_DOWN, 0xFF, high(speed_down),  low(speed_down)
        00003A FF2D 4900
   120: 
   121: .db 0x00,0x00       ;demarcador de fim da tabela
        00003C 0000
   122: 
   123: 
   124: 
   125: ;/////////// SUBROTINAS DE EXECUÇÃO DOS COMANDOS ///////////////////
   126: 
   127: run_forward:
   128: 00003D   0000  nop
   129: 00003E   9508  ret
   130: 
   131: run_back:
   132: 00003F   0000  nop
   133: 000040   9508  ret
   134: 
   135: turn_left:
   136: 000041   0000  nop
   137: 000042   9508  ret
   138: 
   139: turn_right:
   140: 000043   0000  nop
   141: 000044   9508  ret
   142: 
   143: motor_stop:
   144: 000045   0000  nop
   145: 000046   9508  ret
   146: 
   147: speed_up:
   148: 000047   0000  nop
   149: 000048   9508  ret
   150: 
   151: speed_down:
   152: 000049   0000  nop
   153: 00004A   9508  ret
   154: 
   155: ;Após todas as subrotinas, volta para onde o rcall foi chamado e reinicia o loop de aquisição
   156: 
   157: 
   158: 
   159: 
   160: 
   161: 
   162: 
   163: 
   164: 

List of symbols:
Type nDef nUsed             Decimalval           Hexval Name
  T     1     1                    171               AB ATMEGA328P
  L     1     4                     20               14 MAIN
  L     1     2                     29               1D PROCESS_COMMAND
  L     1     2                     31               1F SEARCH_LOOP
  L     1     2                     38               26 INVALID_COMMAND
  L     1     2                     39               27 FOUND_COMMAND
  L     1     2                     46               2E COMMAND_TABLE
  L     1     2                     61               3D RUN_FORWARD
  L     1     2                     63               3F RUN_BACK
  L     1     2                     65               41 TURN_LEFT
  L     1     2                     67               43 TURN_RIGHT
  L     1     2                     69               45 MOTOR_STOP
  L     1     2                     71               47 SPEED_UP
  L     1     2                     73               49 SPEED_DOWN
  C     1     0                     26               1A NOW_Y
  C     1     0                      6               06 NOW_M
  C     1     0                     21               15 NOW_D
  C     1     0                  46194             B472 NOW_I
  C     1     2                    103               67 UBRR_VAL
  C     1     1                     70               46 CMD_FORWARD
  C     1     1                     66               42 CMD_BACK
  C     1     1                     76               4C CMD_LEFT
  C     1     1                     82               52 CMD_RIGHT
  C     1     1                     83               53 CMD_STOP
  C     1     1                     43               2B CMD_SPEED_UP
  C     1     1                     45               2D CMD_SPEED_DOWN
   No macros.

Program             :       60 words.
Constants           :       15 words.
Total program memory:       75 words.
Eeprom space        :        0 bytes.
Data segment        :        0 bytes.
Compilation completed, no errors.
Compilation ended 21.06.2026, 20:50:39
