gavrasm Gerd's AVR assembler version 5.4 (C)2022 by DG4FAC
----------------------------------------------------------

Path:        C:\Users\gongr\OneDrive\Documentos\GitHub\Projeto_Embarcados\FINAL\
Source file: Carrinho_final.asm
Hex file:    Carrinho_final.hex
Eeprom file: Carrinho_final.eep
Compiled:    25.06.2026, 17:08:28
Pass:        2

     1: ;Código Completo - Controle de robozinho motorizado -  ATmega328P @ 16 MHz
     2: 
     3: ;FUNCIONAMENTO:
     4: ;OBS.: (Incluir descrição)
     5: 
     6: .include "m328Pdef.inc"
 -> Warning 009: Include defs not necessary, using internal values!
   File: C:\Users\gongr\OneDrive\Documentos\GitHub\Projeto_Embarcados\FINAL\Carrinho_final.asm, Line: 6
   Source line: .include "m328Pdef.inc"
     7: 
     8: ;///////////////// CONSTANTES E PINAGEM ///////////////////////
     9: 
    10: ;PODEMOS REDEFINIR OS PARÂMETROS AQUI FACILMENTE, SEM MEXER NO CORPO DO CÓDIGO (DE OLHO EM VCS FIR E MESTRE)
    11: 
    12: 
    13: ;PINOS
    14: 
    15: ; Ponte-H ESQUERDA (Motor E)         Ponte-H DIREITA (Motor D)
    16: ;   PD2 = IN1 (E)                      PD4 = IN1 (D)
    17: ;   PD3 = IN2 (E)                      PD5 = IN2 (D)
    18: 
    19: ; Convencao por roda: IN1=1,IN2=0 -> "frente"  |  IN1=0,IN2=1 -> "tras"
    20: 
    21: .equ LIN1 = PD2
    22: .equ LIN2 = PD3
    23: .equ RIN1 = PD4
    24: .equ RIN2 = PD5
    25: .equ PWM_PIN = PD6 ; PWM VELOCIDADE (saida OC0A do Timer0) -> ligar FISICAMENTE em ENA E ENB
    26: 
    27: ; SENSOR ULTRASSÔNICO
    28: 
    29: .equ TRIG = PB4
    30: .equ ECHO = PB3
    31: 
    32: ;COMUNICAÇÃO USART MÓDULO BLUETOOTH
    33: 
    34: .equ RX = PD0
    35: .equ TX = PD1
    36: 
    37: 
    38: ; CONSTANTES
    39: 
    40: ;MODOS DE VELOCIDADE DO MOTOR
    41: 
    42: .equ DUTY_SLOW = 90       ; ~35%
    43: .equ DUTY_STD  = 160      ; ~63%
    44: .equ DUTY_FAST = 255      ; 100%
    45: 
    46: ;Delay de rotação dos motores  (400ms)
    47: .equ ROT_DELAY = 6250 		;Número de contagens com PS de 1024 -> N = T_DELAY(s) * (16M/PS)
    48: 
    49: 
    50: ;Baud rate comunicação USART:
    51: 
    52: ;Distância de alcance sensor
    53: .equ    LIMIAR_CM = 10
    54: 
    55: ;Variável de controle de mudanças de direção realizadas (incrementada a cada rotação sucessiva e é zerado quando o carro pode seguir em frente)
    56: .def ROT_COUNT = r22
    57: 
    58: ;Variável de registro de ocorrência de interrupção do comparadorA
    59: .def TIMER1_FLAG = r21
    60: 
    61: 
    62: ;////////////// VETORES DE INTERRUPÇÃO ///////////////////////////////
    63: 
    64: .cseg
    65: .org 0x0000
    66: 000000   C033  rjmp config ;Pula para a SR de configuração
    67: 
    68: ;Incluir interrupções para os timers 0 e 2?
    69: 
    70: .org 0x0016
    71: 000016   C0CA  rjmp INT_TIMER1_COMPA
    72: 
    73: .org 0x0024
    74: 000024   C0BE  rjmp INT_RX_USART
    75: 
    76: 
    77: ;////////////// CONFIGURAÇÕES INICIAIS //////////////////////////
    78: 
    79: .org 0x0034
    80: config:
    81: 
    82: ;Inicializando SP
    83: 000034   EF0F  ldi     R16,LOW(RAMEND)
    84: 000035   BF0D  out     SPL,R16
    85: 000036   E008  ldi     R16,HIGH(RAMEND)
    86: 000037   BF0E  out     SPH,R16
    87: 
    88: ;Configurações iniciais de registradores
    89: 
    90: ;Constante de comparação para sinalizar ativação de interrupts
    91: 000038   E001  ldi r16, 0x01
    92: 000039   2EC0  mov r12, r16
    93: 
    94: 00003A   2766  clr ROT_COUNT ;Inicia a contagem de rotações em zero
    95: 
    96: 
    97: ;Configuração das portas
    98: 
    99: ;PORTD:
   100: 00003B   E70C  ldi r16, (1<<LIN1)|(1<<LIN2)|(1<<RIN1)|(1<<RIN2)|(1<<PWM_PIN)
   101: 00003C   B90A  out DDRD, r16
   102: 00003D   2700  clr r16
   103: 00003E   B90B  out PORTD, r16
   104: ;Define todos os pinos dos motores como saída, zera os valores nas portas
   105: 
   106: ;PORTB:
   107: 00003F   E100  ldi r16, (1<<TRIG)
   108: 000040   B904  out DDRB,r16
   109: 000041   2700  clr r16
   110: 000042   B905  out PORTB,r16
   111: ;Define o pino do TRIG como saída e o do ECHO como entrada, zera os valores nas portas
   112: 
   113: ;Configuração dos timers
   114: 
   115: ;TIMER0 -> PWM velocidade dos motores
   116: 
   117: 000043   E803  ldi r16, (1<<COM0A1)|(1<<WGM01)|(1<<WGM00)
   118: 000044   BD04  out TCCR0A,r16                              ;Configura timer0 no modo fast pwm, conecta comparador A no modo não inversor
   119: 000045   E003  ldi r16, (1<<CS01)|(1<<CS00)
   120: 000046   BD05  out TCCR0B,r16				    ;Configura PS 64
   121: ;Velocidade inicial??
   122: 
   123: 
   124: ;TIMER1 -> Delay de rotação do motor
   125: 
   126: ;ldi r16, (1<<COM1A1)|(1<<WGM11)
   127: 000047   2700  clr r16
   128: 000048   9300  sts TCCR1A,r16                  ;Configura timer 1 no modo CTC conectando comparador A no modo não inversor
        000049   0080
   129: 00004A   E008  ldi r16, (1<<WGM12)
   130: 00004B   9300  sts TCCR1B,r16			            ;Timer inicia desativado
        00004C   0081
   131: 00004D   E60A  ldi r16, low(ROT_DELAY)
   132: 00004E   9300  sts OCR1AL,r16
        00004F   0088
   133: 000050   E108  ldi r16, high(ROT_DELAY)
   134: 000051   9300  sts OCR1AH,r16			;Salva no comparador o número de contagens definido pelo delay desejado -> Determina ângulo de rotação
        000052   0089
   135: 
   136: 
   137: ;TIMER2 -> Detecção do sensor ultrassônico (tempo entre emissão no TRIG e recepção no ECHO)
   138: 
   139: 000053   E000  ldi r16,0x00
   140: 000054   9300  sts TCCR2A,r16 	   ;Configura timer 2 no modo normal (delay)
        000055   00B0
   141: 000056   9300  sts TCCR2B,r16     ;Timer2 inicia desativado
        000057   00B1
   142: 
   143: ;Configuração das interrupções:
   144: 
   145: ;Interrupt do timer 1
   146: 000058   E002  ldi r16, (1<<OCIE1A)
   147: 000059   9300  sts TIMSK1,r16
        00005A   006F
   148: 
   149: ;OBS. configurar demais interrupções
   150: 
   151: 00005B   9478  sei
   152: ;
   153: 
   154: ;Configuração da comunicação USART
   155: 
   156: 
   157: ;OBS. preencher depois
   158: 
   159: ;Inicialização dos motores em velocidade padrão
   160: 
   161: 00005C   EA00  ldi r16, DUTY_STD
   162: 00005D   BD07  out OCR0A,r16		;Define duty cycle inicial dos motores
   163: 
   164: 00005E   D05F  rcall RUN_MOTORS	;Inicia movimento para frente
   165: 
   166: 
   167: ;////////////////// CÓDIGO PRINCIPAL ///////////////////////////////
   168: 
   169: ;loop principal -> Realiza o processo de medição com o sensor ultrassônico e determina se o carrinho deve mudar de direção
   170: 
   171: main:
   172: 
   173: ;OBS.: INCORPORAR DEPOIS FILTRO MÉDIA MÓVEL PARA AS MEDIDAS DO ULTRASSONICO
   174: 00005F   D00A  rcall   DISPARA_TRIGGER
   175: 000060   D011  rcall   ESPERA_ECHO_SUBIR
   176: 000061   F018  brcs    SEM_ECO              ; carry=1 -> sensor não respondeu
   177: 
   178: 000062   D018  rcall   CRONOMETRA_ECHO
   179: ;rcall   CONVERTE_PARA_CM   ;Com PS 1024, valor do delay do echo é ~ distância em cm
   180: 000063   D02E  rcall   AVALIA_DISTANCIA
   181: 000064   C002  rjmp 	COOLDOWN
   182: 
   183: SEM_ECO:
   184: 000065   EF4F  ldi     r20, 0xFF        ; valor alto = "livre"
   185: 000066   D02B  rcall AVALIA_DISTANCIA
   186: 
   187: COOLDOWN:
   188: ; pausa entre medições (~80ms, recomendado pelo datasheet)
   189: 000067   E500  ldi     r16, 80
   190: 000068   D046  rcall   ESPERA_MS
   191: 
   192: 000069   CFF5  rjmp   main; Reinicia loop principal
   193: 
   194: 
   195: 
   196: ;////////////////////// SUB-ROTINAS //////////////////////////////////
   197: 
   198: DISPARA_TRIGGER:
   199: 00006A   9A2C  sbi     PORTB, TRIG
   200: ;10us a 16MHz = 160 ciclos de clock
   201: 00006B   E312  ldi     r17, 50
   202: 
   203: PULSO_TRIG: ;Aguarda 10 microsseg com TRIG em HIGH (implementado com decremento)
   204: 00006C   0000  nop
   205: 00006D   0000  nop
   206: 00006E   951A  dec     r17
   207: 00006F   F7E1  brne    PULSO_TRIG
   208: 000070   982C  cbi     PORTB, TRIG
   209: 000071   9508  ret
   210: 
   211: 
   212: ; Aguarda o pino ECHO ir para nível alto.
   213: ; Retorna: Carry = 1 se houve timeout (sem resposta do sensor)
   214: ;          Carry = 0 se ECHO subiu normalmente
   215: 
   216: ESPERA_ECHO_SUBIR:
   217: 000072   2722  clr r18           ; contador de timeout (256 voltas)
   218: 
   219: LACO_ESPERA_SUBIDA:
   220: 000073   991B  sbic    PINB, ECHO    ; se ECHO=0, pula a próxima linha
   221: 000074   C004  rjmp    ECHO_OK_SUBIU
   222: 000075   952A  dec     r18
   223: 000076   F7E1  brne    LACO_ESPERA_SUBIDA
   224: ; esgotou o tempo
   225: 000077   9408  sec                         ; seta carry = timeout
   226: 000078   9508  ret
   227: 
   228: ECHO_OK_SUBIU:
   229: 000079   9488  clc                         ; limpa carry = sucesso
   230: 00007A   9508  ret
   231: 
   232: ; Usa Timer2 com PS de 1024 para contar quanto tempo o pino ECHO permanece em nível alto.
   233: 
   234: ;/////// CRONOMETRA_ECHO /////////////////////
   235: 
   236: CRONOMETRA_ECHO:
   237: 00007B   2700  clr     r16
   238: 00007C   9300  sts     TCNT2, r16
        00007D   00B2
   239: 
   240: ; Liga Timer2 com prescaler 1024 (CS22=1, CS21=1, CS20=1)
   241: 00007E   E007  ldi     r16, (1<<CS22) | (1<<CS21) | (1<<CS20)
   242: 00007F   9300  sts     TCCR2B, r16
        000080   00B1
   243: 
   244: 
   245: ESPERA_ECHO_DESCER:
   246: 000081   9B1B  sbis    PINB, ECHO
   247: 000082   C009  rjmp    ECHO_DESCEU_OK
   248: 
   249: ;Controle de TIMEOUT: Verifica se o tempo estourou o limite
   250: 000083   9100  lds     r16,TCNT2
        000084   00B2
   251: 000085   3F0A  cpi     r16,250  ;Compara o valor do timer2 com o limite de timeout
   252: 000086   F3D0  brlo    ESPERA_ECHO_DESCER
   253: 
   254: ; TIMEOUT (executa esse bloco caso o timer chegue em 250 -> limite)
   255: 000087   2700  clr     r16
   256: 000088   9300  sts     TCCR2B, r16 ;Para o timer2
        000089   00B1
   257: 00008A   EF4F  ldi 	  r20,0xFF 		;Armazena o valor medido de distância em r20 (0xFF -> Valor de erro de timeout)
   258: 00008B   9508  ret
   259: 
   260: ECHO_DESCEU_OK:
   261: 00008C   2700  clr     r16
   262: 00008D   9300  sts     TCCR2B, r16 ;Para o timer2
        00008E   00B1
   263: 00008F   9140  lds     r20, TCNT2    ;Valor de tempo de demora da detecção será depois convertido em cm
        000090   00B2
   264: 000091   9508  ret
   265: 
   266: 
   267: ;/////////////////// TESTE DE DISTÂNCIA /////////////////////////////
   268: 
   269: ;Compara distância em cm medida com o limiar definido para determinar se o carrinho deve rotacionar, e em qual sentido (dependendo das rotações anteriores)
   270: ;Se estiver no meio de um processo de mudança de direção e não for detectado obstáculo, reinicia o movimento para frente
   271: 
   272: AVALIA_DISTANCIA:
   273: 000092   304A  cpi     r20, LIMIAR_CM
   274: 
   275: ;Se o valor em r20 for MENOR que o limiar -> obstáculo detectado
   276: 000093   F018  brlo    CHANGE_DIRECTION
   277: 
   278: ;Se não, limpa o registrador de rotações, reativa motores e volta ao loop principal
   279: 000094   2766  clr ROT_COUNT
   280: 000095   D028  rcall RUN_MOTORS
   281: 000096   9508  ret
   282: 
   283: CHANGE_DIRECTION:
   284: 000097   D02B  rcall STOP_MOTORS  ;OBS.: AVALIAR SE É NECESSÁRIO INSERIR DELAY PARA PARAR TOTALMENTE
   285: 000098   3060  cpi ROT_COUNT, 0x00
   286: 000099   F029  breq ROTATION_1
   287: 00009A   3061  cpi ROT_COUNT, 0x01
   288: 00009B   F039  breq ROTATION_2
   289: 00009C   3062  cpi ROT_COUNT, 0x02
   290: 00009D   F059  breq ROTATION_3
   291: 
   292: ;Se já estiver com o ROT_COUNT em 0x03 (encontrou obstáculo voltando a de onde veio, fica parado até detectar uma abertura)
   293: 00009E   9508  ret	;Sem incrementar o contador de rotações
   294: 
   295: 
   296: ;Se ROT_COUNT for 0x00, segue no normal (ROTATION_1)
   297: ROTATION_1:
   298: ;Gira uma vez para a esquerda
   299: 00009F   D02D  rcall TURN_LEFT
   300: 0000A0   D031  rcall WAIT_ROTATION
   301: 0000A1   D021  rcall STOP_MOTORS
   302: 0000A2   C00A  rjmp END_ROT
   303: 
   304: ROTATION_2:
   305: ;Gira duas vezes para a direita (sentido oposto da primeira rotação)
   306: 0000A3   D024  rcall TURN_RIGHT
   307: 0000A4   D02D  rcall WAIT_ROTATION
   308: 0000A5   D022  rcall TURN_RIGHT
   309: 0000A6   D02B  rcall WAIT_ROTATION
   310: 0000A7   D01B  rcall STOP_MOTORS
   311: 0000A8   C004  rjmp END_ROT
   312: 
   313: ROTATION_3:
   314: ;Gira mais uma vez para a direita, se direcionando no sentido oposto do qual veio antes da primeira detecção de obstáculo
   315: 0000A9   D01E  rcall TURN_RIGHT
   316: 0000AA   D027  rcall WAIT_ROTATION
   317: 0000AB   D017  rcall STOP_MOTORS
   318: 0000AC   C000  rjmp END_ROT
   319: 
   320: 
   321: END_ROT:
   322: 0000AD   9563  inc ROT_COUNT		;Aumenta o número de rotações realizadas
   323: 0000AE   9508  ret
   324: 
   325: 
   326: ;//////////// LOOP DE DELAY ENTRE MEDIÇÕES ////////////////////
   327: 
   328: ;Implementação de delay de cooldown do sensor ultrassônico por decremento
   329: 
   330: ;OBS.: COGITAR ALTERAR PARA TIMER
   331: 
   332: ESPERA_MS:
   333: 0000AF   930F  push    r16
   334: 0000B0   931F  push    r17
   335: 0000B1   932F  push    r18
   336: LOOP_MS:
   337: 0000B2   E118  ldi     r17, 24
   338: LOOP_4:
   339: 0000B3   EF2A  ldi     r18, 250
   340: LOOP_250:
   341: 0000B4   952A  dec     r18
   342: 0000B5   F7F1  brne    LOOP_250
   343: 0000B6   951A  dec     r17
   344: 0000B7   F7D9  brne    LOOP_4
   345: 0000B8   950A  dec     r16
   346: 0000B9   F7C1  brne    LOOP_MS
   347: 0000BA   912F  pop     r18
   348: 0000BB   911F  pop     r17
   349: 0000BC   910F  pop     r16
   350: 0000BD   9508  ret
   351: 
   352: 
   353: 
   354: 
   355: ;//////////////////// AÇÕES DOS MOTORES /////////////////////////////
   356: 
   357: ;--- FRENTE: as duas rodas "para frente" (carrinho avança) --------------------
   358: ; Com motores espelhados, "ambas para frente" corresponde a rotacoes FISICAS
   359: ; opostas (uma roda horario, outra anti-horario) -> exatamente sua descricao.
   360: 
   361: RUN_MOTORS:
   362: 0000BE   9A5A  sbi PORTD, LIN1
   363: 0000BF   985B  cbi PORTD, LIN2
   364: 0000C0   9A5C  sbi PORTD, RIN1
   365: 0000C1   985D  cbi PORTD, RIN2
   366: 0000C2   9508  ret
   367: 
   368: 
   369: ;--- PARADO: desliga as 4 chaves (motores em roda-livre) ----------------------
   370: 
   371: STOP_MOTORS:
   372: 0000C3   985A  cbi PORTD, LIN1
   373: 0000C4   985B  cbi PORTD, LIN2
   374: 0000C5   985C  cbi PORTD, RIN1
   375: 0000C6   985D  cbi PORTD, RIN2
   376: 0000C7   9508  ret
   377: 
   378: ;--- GIRO DIREITA (no proprio eixo): roda E p/ frente, roda D p/ tras ---------
   379: ; resultado: carrinho gira no sentido horario (visto de cima) = vira p/ direita
   380: 
   381: TURN_RIGHT:
   382: 0000C8   9A5A  sbi PORTD, LIN1
   383: 0000C9   985B  cbi PORTD, LIN2
   384: 0000CA   985C  cbi PORTD, RIN1
   385: 0000CB   9A5D  sbi PORTD, RIN2
   386: 0000CC   9508  ret
   387: 
   388: 
   389: ;--- GIRO ESQUERDA (no proprio eixo): roda E p/ tras, roda D p/ frente --------
   390: 
   391: TURN_LEFT:
   392: 0000CD   985A  cbi PORTD, LIN1
   393: 0000CE   9A5B  sbi PORTD, LIN2
   394: 0000CF   9A5C  sbi PORTD, RIN1
   395: 0000D0   985D  cbi PORTD, RIN2
   396: 0000D1   9508  ret
   397: 
   398: ;--- DELAY ROTAÇÃO: espera um tempo com o motor rotacionando
   399: 
   400: WAIT_ROTATION:
   401: 
   402: 0000D2   2700  clr r16
   403: 0000D3   9300  sts TCNT1H, r16
        0000D4   0085
   404: 0000D5   9300  sts TCNT1L, r16     ;zera o timer 1
        0000D6   0084
   405: 
   406: ;ldi r16, (1<<CS12)|(1<<CS10)
   407: 0000D7   E00D  ldi r16, (1<<WGM12)|(1<<CS12)|(1<<CS10)
   408: 0000D8   9300  sts TCCR1B,r16			;Configura PS 1024, iniciando contagem (interrupção no match do comparador A do timer 1)
        0000D9   0081
   409: 
   410: wait_interrupt:
   411: 0000DA   115C  cpse TIMER1_FLAG, r12   ;Verifica se a interrupção foi ativada
   412: 0000DB   CFFE  rjmp wait_interrupt
   413: 
   414: ;Após ser ativada, encerra a SR de espera, desativando o timer
   415: 0000DC   2755  clr TIMER1_FLAG
   416: 0000DD   E008  ldi r16,(1<<WGM12)
   417: 0000DE   9300  sts TCCR1B,r16
        0000DF   0081
   418: 0000E0   9508  ret
   419: 
   420: 
   421: ;////////////////////////// SUB-ROTINAS DE INTERRUPÇÃO /////////////////////////////////
   422: 
   423: ;Compare match do Timer 1 -> Delay de rotação dos motores
   424: 
   425: INT_TIMER1_COMPA:
   426: 0000E1   E051  ldi TIMER1_FLAG, 0x01  ;Sinalizador de que a interrupção foi ativada
   427: 0000E2   9518  reti
   428: 
   429: 
   430: INT_RX_USART:
   431: ;Obs.: Preencher depois
   432: 0000E3   0000  nop
   433: 0000E4   9518  reti
   434: 
   435: 
   436: ;END
   437: ;Créditos aos magnânimos Gonlaço, FIR e MEEEEEEEEEEESTRE DARSKI
   438: 
   439: 
   440: 

List of symbols:
Type nDef nUsed             Decimalval           Hexval Name
  T     1     1                    171               AB ATMEGA328P
  L     1     2                     52               34 CONFIG
  L     1     2                     95               5F MAIN
  L     1     2                    101               65 SEM_ECO
  L     1     2                    103               67 COOLDOWN
  L     1     2                    106               6A DISPARA_TRIGGER
  L     1     2                    108               6C PULSO_TRIG
  L     1     2                    114               72 ESPERA_ECHO_SUBIR
  L     1     2                    115               73 LACO_ESPERA_SUBIDA
  L     1     2                    121               79 ECHO_OK_SUBIU
  L     1     2                    123               7B CRONOMETRA_ECHO
  L     1     2                    129               81 ESPERA_ECHO_DESCER
  L     1     2                    140               8C ECHO_DESCEU_OK
  L     1     4                    146               92 AVALIA_DISTANCIA
  L     1     2                    151               97 CHANGE_DIRECTION
  L     1     2                    159               9F ROTATION_1
  L     1     2                    163               A3 ROTATION_2
  L     1     2                    169               A9 ROTATION_3
  L     1     6                    173               AD END_ROT
  L     1     2                    175               AF ESPERA_MS
  L     1     2                    178               B2 LOOP_MS
  L     1     2                    179               B3 LOOP_4
  L     1     2                    180               B4 LOOP_250
  L     1     4                    190               BE RUN_MOTORS
  L     1     8                    195               C3 STOP_MOTORS
  L     1     6                    200               C8 TURN_RIGHT
  L     1     2                    205               CD TURN_LEFT
  L     1     8                    210               D2 WAIT_ROTATION
  L     1     2                    218               DA WAIT_INTERRUPT
  L     1     2                    225               E1 INT_TIMER1_COMPA
  L     1     2                    227               E3 INT_RX_USART
  R     1     6                     22               16 ROT_COUNT
  R     1     3                     21               15 TIMER1_FLAG
  C     1     0                     26               1A NOW_Y
  C     1     0                      6               06 NOW_M
  C     1     0                     25               19 NOW_D
  C     1     0                  46198             B476 NOW_I
  C     1     5                      2               02 LIN1
  C     1     5                      3               03 LIN2
  C     1     5                      4               04 RIN1
  C     1     5                      5               05 RIN2
  C     1     1                      6               06 PWM_PIN
  C     1     3                      4               04 TRIG
  C     1     2                      3               03 ECHO
  C     1     0                      0               00 RX
  C     1     0                      1               01 TX
  C     1     0                     90               5A DUTY_SLOW
  C     1     1                    160               A0 DUTY_STD
  C     1     0                    255               FF DUTY_FAST
  C     1     2                   6250             186A ROT_DELAY
  C     1     1                     10               0A LIMIAR_CM
   No macros.

Program             :      180 words.
Constants           :        0 words.
Total program memory:      180 words.
Eeprom space        :        0 bytes.
Data segment        :        0 bytes.
Compilation completed, no errors.
Compilation ended 25.06.2026, 17:08:28
